
icetime topological timing analysis report
==========================================

Info: max_span_hack is enabled: estimate is conservative.

Report for critical path:
-------------------------

        lc40_10_1_4 (LogicCell40) [clk] -> lcout: 1.491 ns
     1.491 ns net_37419 (time_count[0])
        t1496 (LocalMux) I -> O: 1.099 ns
        inmux_10_1_41292_41321 (InMux) I -> O: 0.662 ns
        lc40_10_1_0 (LogicCell40) in0 -> lcout: 1.285 ns
     4.537 ns net_37415 (time_count_SB_DFFESR_Q_31_D[0])
        t1495 (LocalMux) I -> O: 1.099 ns
        inmux_10_2_41451_41486 (InMux) I -> O: 0.662 ns
        t528 (CascadeMux) I -> O: 0.000 ns
        lc40_10_2_0 (LogicCell40) in2 -> carryout: 0.609 ns
     6.908 ns t496
        lc40_10_2_1 (LogicCell40) carryin -> carryout: 0.278 ns
     7.186 ns t497
        lc40_10_2_2 (LogicCell40) carryin -> carryout: 0.278 ns
     7.464 ns t498
        lc40_10_2_3 (LogicCell40) carryin -> carryout: 0.278 ns
     7.742 ns t499
        lc40_10_2_4 (LogicCell40) carryin -> carryout: 0.278 ns
     8.020 ns t500
        lc40_10_2_5 (LogicCell40) carryin -> carryout: 0.278 ns
     8.298 ns t501
        lc40_10_2_6 (LogicCell40) carryin -> carryout: 0.278 ns
     8.576 ns t502
        lc40_10_2_7 (LogicCell40) carryin -> carryout: 0.278 ns
     8.855 ns net_41525 (y_dir_SB_DFFE_Q_E_SB_LUT4_O_I2[7])
        t503 (ICE_CARRY_IN_MUX) carryinitin -> carryinitout: 0.556 ns
        lc40_10_3_0 (LogicCell40) carryin -> carryout: 0.278 ns
     9.689 ns t504
        lc40_10_3_1 (LogicCell40) carryin -> carryout: 0.278 ns
     9.967 ns t505
        lc40_10_3_2 (LogicCell40) carryin -> carryout: 0.278 ns
    10.245 ns t506
        lc40_10_3_3 (LogicCell40) carryin -> carryout: 0.278 ns
    10.523 ns t507
        lc40_10_3_4 (LogicCell40) carryin -> carryout: 0.278 ns
    10.802 ns t508
        lc40_10_3_5 (LogicCell40) carryin -> carryout: 0.278 ns
    11.080 ns t509
        lc40_10_3_6 (LogicCell40) carryin -> carryout: 0.278 ns
    11.358 ns t510
        lc40_10_3_7 (LogicCell40) carryin -> carryout: 0.278 ns
    11.636 ns net_41648 (y_dir_SB_DFFE_Q_E_SB_LUT4_O_I2[15])
        t511 (ICE_CARRY_IN_MUX) carryinitin -> carryinitout: 0.556 ns
        lc40_10_4_0 (LogicCell40) carryin -> carryout: 0.278 ns
    12.470 ns t512
        lc40_10_4_1 (LogicCell40) carryin -> carryout: 0.278 ns
    12.748 ns t513
        lc40_10_4_2 (LogicCell40) carryin -> carryout: 0.278 ns
    13.027 ns t514
        lc40_10_4_3 (LogicCell40) carryin -> carryout: 0.278 ns
    13.305 ns t515
        lc40_10_4_4 (LogicCell40) carryin -> carryout: 0.278 ns
    13.583 ns t516
        lc40_10_4_5 (LogicCell40) carryin -> carryout: 0.278 ns
    13.861 ns t517
        lc40_10_4_6 (LogicCell40) carryin -> carryout: 0.278 ns
    14.139 ns t518
        lc40_10_4_7 (LogicCell40) carryin -> carryout: 0.278 ns
    14.417 ns net_41771 (y_dir_SB_DFFE_Q_E_SB_LUT4_O_I2[23])
        t519 (ICE_CARRY_IN_MUX) carryinitin -> carryinitout: 0.556 ns
        lc40_10_5_0 (LogicCell40) carryin -> carryout: 0.278 ns
    15.252 ns t520
        lc40_10_5_1 (LogicCell40) carryin -> carryout: 0.278 ns
    15.530 ns t521
        lc40_10_5_2 (LogicCell40) carryin -> carryout: 0.278 ns
    15.808 ns t522
        lc40_10_5_3 (LogicCell40) carryin -> carryout: 0.278 ns
    16.086 ns t523
        lc40_10_5_4 (LogicCell40) carryin -> carryout: 0.278 ns
    16.364 ns t524
        lc40_10_5_5 (LogicCell40) carryin -> carryout: 0.278 ns
    16.642 ns t525
        lc40_10_5_6 (LogicCell40) carryin -> carryout: 0.278 ns
    16.920 ns t526
        lc40_10_5_7 (LogicCell40) carryin -> carryout: 0.278 ns
    17.199 ns net_41894 ($nextpnr_ICESTORM_LC_28$I3)
        t527 (ICE_CARRY_IN_MUX) carryinitin -> carryinitout: 0.556 ns
        inmux_10_6_41938_41979 (InMux) I -> O: 0.662 ns
        lc40_10_6_0 (LogicCell40) in3 -> lcout: 0.874 ns
    19.291 ns net_38071 (y_dir_SB_DFFE_Q_E_SB_LUT4_O_I2[31])
        odrv_10_6_38071_41680 (Odrv4) I -> O: 0.649 ns
        t1501 (Span4Mux_v4) I -> O: 0.649 ns
        t1500 (LocalMux) I -> O: 1.099 ns
        inmux_11_1_45123_45195 (InMux) I -> O: 0.662 ns
        lc40_11_1_7 (LogicCell40) in1 -> lcout: 1.232 ns
    23.582 ns net_41253 (y_dir_SB_DFFE_Q_E)
        t1514 (LocalMux) I -> O: 1.099 ns
        t1513 (IoInMux) I -> O: 0.662 ns
        t1512 (ICE_GB) USERSIGNALTOGLOBALBUFFER -> GLOBALBUFFEROUTPUT: 1.589 ns
        t1511 (gio2CtrlBuf) I -> O: 0.000 ns
        t1510 (GlobalMux) I -> O: 0.278 ns
    27.211 ns seg_1_18_glb_netwk_5_10

Resolvable net names on path:
     1.491 ns ..  3.252 ns time_count[0]
     4.537 ns ..  6.298 ns time_count_SB_DFFESR_Q_31_D[0]
     8.855 ns ..  9.411 ns y_dir_SB_DFFE_Q_E_SB_LUT4_O_I2[7]
    11.636 ns .. 12.192 ns y_dir_SB_DFFE_Q_E_SB_LUT4_O_I2[15]
    14.417 ns .. 14.974 ns y_dir_SB_DFFE_Q_E_SB_LUT4_O_I2[23]
    17.199 ns .. 18.417 ns $nextpnr_ICESTORM_LC_28$I3
    19.291 ns .. 22.351 ns y_dir_SB_DFFE_Q_E_SB_LUT4_O_I2[31]
    23.582 ns .. 23.582 ns y_dir_SB_DFFE_Q_E

Total number of logic levels: 36
Total path delay: 27.21 ns (36.75 MHz)

